// Jest Snapshot v1, https://goo.gl/fbAQLP

exports[`test the Legend component should allow for custom className 1`] = `"<div class=\\"sdk-legend foo\\"></div>"`;

exports[`test the Legend component should allow for custom size 1`] = `"<div class=\\"sdk-legend\\"><canvas></canvas></div>"`;

exports[`test the Legend component should allow for vector (line) legend 1`] = `"<div class=\\"sdk-legend\\"><canvas width=\\"50\\" height=\\"50\\" style=\\"width: 50px; height: 50px;\\"></canvas></div>"`;

exports[`test the Legend component should allow for vector (point) legend 1`] = `"<div class=\\"sdk-legend\\"><canvas width=\\"50\\" height=\\"50\\" style=\\"width: 50px; height: 50px;\\"></canvas></div>"`;

exports[`test the Legend component should allow for vector (polygon) legend 1`] = `"<div class=\\"sdk-legend\\"><canvas width=\\"50\\" height=\\"50\\" style=\\"width: 50px; height: 50px;\\"></canvas></div>"`;

exports[`test the Legend component should allow for vector (symbol) legend 1`] = `"<div class=\\"sdk-legend\\"><canvas width=\\"50\\" height=\\"50\\" style=\\"width: 50px; height: 50px;\\"></canvas></div>"`;
