// Jest Snapshot v1, https://goo.gl/fbAQLP

exports[`Zoom slider tests should allow for custom className 1`] = `"<div class=\\"sdk-slider-control foo\\"><input class=\\"sdk-zoom-slider\\" min=\\"0\\" max=\\"22\\" type=\\"range\\" value=\\"3\\"></div>"`;
